[24-Mar-2026 00:25:19 UTC] PHP Warning:  Undefined array key "host" in /workspaces/UX221-Assignment-4-/.wordpress/wp-includes/pluggable.php on line 1721
[24-Mar-2026 01:22:46 UTC] PHP Fatal error:  Out of memory (allocated 44040192 bytes) (tried to allocate 4096 bytes) in /workspaces/UX221-Assignment-4-/.wordpress/wp-includes/media.php on line 4143
[24-Mar-2026 01:22:46 UTC] PHP Fatal error:  Out of memory (allocated 39845888 bytes) (tried to allocate 4096 bytes) in /workspaces/UX221-Assignment-4-/.wordpress/wp-includes/class-wp-image-editor-gd.php on line 118
[24-Mar-2026 01:22:46 UTC] PHP Fatal error:  Out of memory (allocated 39845888 bytes) (tried to allocate 8192 bytes) in /workspaces/UX221-Assignment-4-/.wordpress/wp-includes/functions.php on line 655
[24-Mar-2026 01:22:47 UTC] PHP Fatal error:  Out of memory (allocated 39845888 bytes) (tried to allocate 4096 bytes) in /workspaces/UX221-Assignment-4-/.wordpress/wp-includes/class-wp-image-editor-gd.php on line 118
[24-Mar-2026 01:22:47 UTC] PHP Fatal error:  Out of memory (allocated 39845888 bytes) (tried to allocate 8192 bytes) in /workspaces/UX221-Assignment-4-/.wordpress/wp-includes/functions.php on line 655
[24-Mar-2026 01:22:47 UTC] PHP Fatal error:  Out of memory (allocated 39845888 bytes) (tried to allocate 4096 bytes) in /workspaces/UX221-Assignment-4-/.wordpress/wp-includes/class-wp-image-editor-gd.php on line 118
[24-Mar-2026 01:22:47 UTC] PHP Fatal error:  Out of memory (allocated 39845888 bytes) (tried to allocate 8192 bytes) in /workspaces/UX221-Assignment-4-/.wordpress/wp-includes/functions.php on line 655
[24-Mar-2026 01:22:48 UTC] PHP Fatal error:  Out of memory (allocated 39845888 bytes) (tried to allocate 4096 bytes) in /workspaces/UX221-Assignment-4-/.wordpress/wp-includes/class-wp-image-editor-gd.php on line 118
[24-Mar-2026 01:22:48 UTC] PHP Fatal error:  Out of memory (allocated 39845888 bytes) (tried to allocate 8192 bytes) in /workspaces/UX221-Assignment-4-/.wordpress/wp-includes/functions.php on line 655
[24-Mar-2026 01:22:48 UTC] PHP Fatal error:  Out of memory (allocated 39845888 bytes) (tried to allocate 4096 bytes) in /workspaces/UX221-Assignment-4-/.wordpress/wp-includes/class-wp-image-editor-gd.php on line 118
[24-Mar-2026 01:22:48 UTC] PHP Fatal error:  Out of memory (allocated 39845888 bytes) (tried to allocate 8192 bytes) in /workspaces/UX221-Assignment-4-/.wordpress/wp-includes/functions.php on line 655
[24-Mar-2026 01:23:02 UTC] PHP Fatal error:  Out of memory (allocated 37748736 bytes) (tried to allocate 155648 bytes) in /workspaces/UX221-Assignment-4-/.wordpress/wp-admin/admin-ajax.php on line 39
[24-Mar-2026 01:23:12 UTC] PHP Fatal error:  Out of memory (allocated 37748736 bytes) (tried to allocate 155648 bytes) in /workspaces/UX221-Assignment-4-/.wordpress/wp-admin/admin-ajax.php on line 39
[24-Mar-2026 01:23:22 UTC] PHP Fatal error:  Out of memory (allocated 37748736 bytes) (tried to allocate 155648 bytes) in /workspaces/UX221-Assignment-4-/.wordpress/wp-admin/admin-ajax.php on line 39
[24-Mar-2026 01:23:32 UTC] PHP Fatal error:  Out of memory (allocated 37748736 bytes) (tried to allocate 155648 bytes) in /workspaces/UX221-Assignment-4-/.wordpress/wp-admin/admin-ajax.php on line 39
[24-Mar-2026 01:23:42 UTC] PHP Fatal error:  Out of memory (allocated 37748736 bytes) (tried to allocate 155648 bytes) in /workspaces/UX221-Assignment-4-/.wordpress/wp-admin/admin-ajax.php on line 39
[24-Mar-2026 01:23:53 UTC] PHP Fatal error:  Out of memory (allocated 37748736 bytes) (tried to allocate 155648 bytes) in /workspaces/UX221-Assignment-4-/.wordpress/wp-admin/admin-ajax.php on line 39
[24-Mar-2026 01:24:29 UTC] PHP Fatal error:  Out of memory (allocated 37748736 bytes) (tried to allocate 155648 bytes) in /workspaces/UX221-Assignment-4-/.wordpress/wp-admin/admin-ajax.php on line 39
[24-Mar-2026 01:24:39 UTC] PHP Fatal error:  Out of memory (allocated 37748736 bytes) (tried to allocate 155648 bytes) in /workspaces/UX221-Assignment-4-/.wordpress/wp-admin/admin-ajax.php on line 39
[24-Mar-2026 01:24:50 UTC] PHP Fatal error:  Out of memory (allocated 37748736 bytes) (tried to allocate 155648 bytes) in /workspaces/UX221-Assignment-4-/.wordpress/wp-admin/admin-ajax.php on line 39
[24-Mar-2026 01:25:00 UTC] PHP Fatal error:  Out of memory (allocated 37748736 bytes) (tried to allocate 155648 bytes) in /workspaces/UX221-Assignment-4-/.wordpress/wp-admin/admin-ajax.php on line 39
[24-Mar-2026 01:25:10 UTC] PHP Fatal error:  Out of memory (allocated 37748736 bytes) (tried to allocate 155648 bytes) in /workspaces/UX221-Assignment-4-/.wordpress/wp-admin/admin-ajax.php on line 39
[24-Mar-2026 01:25:10 UTC] PHP Fatal error:  Out of memory (allocated 37748736 bytes) (tried to allocate 114688 bytes) in /workspaces/UX221-Assignment-4-/.wordpress/wp-admin/menu.php on line 395
[24-Mar-2026 01:25:15 UTC] PHP Fatal error:  Out of memory (allocated 37748736 bytes) (tried to allocate 114688 bytes) in /workspaces/UX221-Assignment-4-/.wordpress/wp-admin/menu.php on line 395
[24-Mar-2026 01:25:15 UTC] PHP Fatal error:  Out of memory (allocated 37748736 bytes) (tried to allocate 4096 bytes) in /workspaces/UX221-Assignment-4-/.wordpress/wp-includes/class-wp-theme-json.php on line 1281
[24-Mar-2026 01:25:15 UTC] PHP Fatal error:  Out of memory (allocated 37748736 bytes) (tried to allocate 65536 bytes) in /workspaces/UX221-Assignment-4-/.wordpress/wp-includes/class-wp-fatal-error-handler.php on line 156
[24-Mar-2026 01:25:19 UTC] PHP Fatal error:  Out of memory (allocated 37748736 bytes) (tried to allocate 114688 bytes) in /workspaces/UX221-Assignment-4-/.wordpress/wp-admin/menu.php on line 395
[24-Mar-2026 01:25:19 UTC] PHP Fatal error:  Out of memory (allocated 37748736 bytes) (tried to allocate 155648 bytes) in /workspaces/UX221-Assignment-4-/.wordpress/wp-admin/admin-ajax.php on line 39
[24-Mar-2026 01:25:20 UTC] PHP Fatal error:  Out of memory (allocated 37748736 bytes) (tried to allocate 155648 bytes) in /workspaces/UX221-Assignment-4-/.wordpress/wp-admin/admin-ajax.php on line 39
